\BOOKMARK [1][-]{section.1}{\376\377\000S\000e\000l\000e\000c\000t\000i\000o\000n\000\040\000o\000f\000\040\000C\000o\000m\000p\000o\000n\000e\000n\000t\000s}{}% 1
\BOOKMARK [2][-]{subsection.1.1}{\376\377\000S\000e\000n\000s\000i\000n\000g}{section.1}% 2
\BOOKMARK [2][-]{subsection.1.2}{\376\377\000C\000o\000m\000p\000u\000t\000e}{section.1}% 3
\BOOKMARK [2][-]{subsection.1.3}{\376\377\000M\000o\000t\000i\000o\000n}{section.1}% 4
\BOOKMARK [3][-]{subsubsection.1.3.1}{\376\377\000D\000r\000i\000v\000e\000\040\000S\000y\000s\000t\000e\000m}{subsection.1.3}% 5
\BOOKMARK [3][-]{subsubsection.1.3.2}{\376\377\000S\000t\000e\000e\000r\000i\000n\000g\000\040\000S\000y\000s\000t\000e\000m}{subsection.1.3}% 6
\BOOKMARK [2][-]{subsection.1.4}{\376\377\000P\000o\000w\000e\000r\000\040\000M\000a\000n\000a\000g\000e\000m\000e\000n\000t}{section.1}% 7
\BOOKMARK [2][-]{subsection.1.5}{\376\377\000T\000h\000e\000\040\000A\000d\000d\000i\000t\000i\000o\000n\000a\000l\000\040\000H\000a\000r\000d\000w\000a\000r\000e}{section.1}% 8
\BOOKMARK [3][-]{subsubsection.1.5.1}{\376\377\000B\000e\000a\000r\000i\000n\000g\000s}{subsection.1.5}% 9
\BOOKMARK [3][-]{subsubsection.1.5.2}{\376\377\000C\000a\000r\000b\000o\000n\000\040\000F\000i\000b\000e\000r\000\040\000T\000u\000b\000e\000s}{subsection.1.5}% 10
\BOOKMARK [2][-]{subsection.1.6}{\376\377\000W\000h\000e\000e\000l\000s}{section.1}% 11
\BOOKMARK [1][-]{section.2}{\376\377\000P\000C\000B\000\040\000A\000s\000s\000e\000m\000b\000l\000y}{}% 12
\BOOKMARK [2][-]{subsection.2.1}{\376\377\000P\000u\000r\000p\000o\000s\000e}{section.2}% 13
\BOOKMARK [2][-]{subsection.2.2}{\376\377\000F\000o\000r\000m\000\040\000F\000a\000c\000t\000o\000r}{section.2}% 14
\BOOKMARK [2][-]{subsection.2.3}{\376\377\000S\000e\000l\000e\000c\000t\000i\000o\000n\000\040\000o\000f\000\040\000t\000h\000e\000\040\000I\000C\000s}{section.2}% 15
\BOOKMARK [3][-]{subsubsection.2.3.1}{\376\377\000T\000h\000e\000\040\0005\000.\0001\000V\000\040\000R\000a\000i\000l}{subsection.2.3}% 16
\BOOKMARK [3][-]{subsubsection.2.3.2}{\376\377\000T\000h\000e\000\040\0008\000V\000\040\000R\000a\000i\000l}{subsection.2.3}% 17
\BOOKMARK [2][-]{subsection.2.4}{\376\377\000T\000h\000e\000\040\000S\000c\000h\000e\000m\000a\000t\000i\000c}{section.2}% 18
\BOOKMARK [2][-]{subsection.2.5}{\376\377\000T\000h\000e\000\040\000L\000a\000y\000o\000u\000t\000\040\000\046\000\040\000R\000o\000u\000t\000i\000n\000g}{section.2}% 19
\BOOKMARK [2][-]{subsection.2.6}{\376\377\000A\000s\000s\000e\000m\000b\000l\000y}{section.2}% 20
\BOOKMARK [3][-]{subsubsection.2.6.1}{\376\377\000A\000d\000v\000i\000c\000e}{subsection.2.6}% 21
\BOOKMARK [2][-]{subsection.2.7}{\376\377\000M\000i\000s\000t\000a\000k\000e\000s\000\040\000\046\000\040\000E\000r\000r\000o\000r\000s}{section.2}% 22
\BOOKMARK [1][-]{section.3}{\376\377\0003\000D\000\040\000P\000r\000i\000n\000t\000s\000\040\000\046\000\040\000C\000A\000D}{}% 23
\BOOKMARK [2][-]{subsection.3.1}{\376\377\000L\000a\000y\000o\000u\000t\000\040\000\046\000\040\000W\000h\000e\000e\000l\000b\000a\000s\000e}{section.3}% 24
\BOOKMARK [2][-]{subsection.3.2}{\376\377\000T\000h\000e\000\040\000S\000t\000e\000e\000r\000i\000n\000g\000\040\000A\000s\000s\000e\000m\000b\000l\000y}{section.3}% 25
\BOOKMARK [2][-]{subsection.3.3}{\376\377\000T\000h\000e\000\040\000D\000i\000f\000f\000e\000r\000e\000n\000t\000i\000a\000l}{section.3}% 26
\BOOKMARK [2][-]{subsection.3.4}{\376\377\000T\000h\000e\000\040\000R\000e\000a\000r\000\040\000A\000x\000l\000e}{section.3}% 27
\BOOKMARK [2][-]{subsection.3.5}{\376\377\000T\000h\000e\000\040\000C\000e\000n\000t\000e\000r}{section.3}% 28
\BOOKMARK [2][-]{subsection.3.6}{\376\377\000A\000c\000c\000e\000s\000s\000o\000r\000i\000e\000s}{section.3}% 29
\BOOKMARK [2][-]{subsection.3.7}{\376\377\000T\000o\000o\000l\000s}{section.3}% 30
\BOOKMARK [2][-]{subsection.3.8}{\376\377\000N\000o\000t\000e\000s}{section.3}% 31
\BOOKMARK [1][-]{section.4}{\376\377\000O\000S\000\040\000a\000n\000d\000\040\000C\000o\000n\000f\000i\000g\000u\000r\000a\000t\000i\000o\000n\000s}{}% 32
